<html>
<body>
<pre>
<h1>µVision Build Log</h1>
<h2>Tool Versions:</h2>
IDE-Version: µVision V5.39.0.0
Copyright (C) 2023 ARM Ltd and ARM Germany GmbH. All rights reserved.
License Information: nam Admin, HP Inc., LIC=----
 
Tool Versions:
Toolchain:       MDK-Lite  Version: 5.39.0.0
Toolchain Path:  C:\Keil_v5\ARM\ARMCC\Bin
C Compiler:      Armcc.exe V5.06 update 7 (build 960)
Assembler:       Armasm.exe V5.06 update 7 (build 960)
Linker/Locator:  ArmLink.exe V5.06 update 7 (build 960)
Library Manager: ArmAr.exe V5.06 update 7 (build 960)
Hex Converter:   FromElf.exe V5.06 update 7 (build 960)
CPU DLL:         SARMCM3.DLL V5.39.0.0
Dialog DLL:      DCM.DLL V1.17.5.0
Target DLL:      STLink\ST-LINKIII-KEIL_SWO.dll V3.2.0.0
Dialog DLL:      TCM.DLL V1.56.4.0
 
<h2>Project:</h2>
E:\Haui\Ki_7\Do_an_chuyen_nganh\N6_DACN\Code\MDK-ARM\Code.uvprojx
Project File Date:  11/04/2024

<h2>Output:</h2>
*** Using Compiler 'V5.06 update 7 (build 960)', folder: 'C:\Keil_v5\ARM\ARMCC\Bin'
Build target 'Code'
compiling main.c...
../Core/Src/main.c(64): warning:  #188-D: enumerated type mixed with another type
  	HAL_GPIO_WritePin(GPIOA,GPIO_PIN_15,1);
../Core/Src/main.c(65): warning:  #188-D: enumerated type mixed with another type
  	HAL_GPIO_WritePin(GPIOB,GPIO_PIN_15,1);
../Core/Src/main.c(67): warning:  #188-D: enumerated type mixed with another type
  	HAL_GPIO_WritePin(GPIOB,GPIO_PIN_0,data1&(1<<0));
../Core/Src/main.c(68): warning:  #188-D: enumerated type mixed with another type
  	HAL_GPIO_WritePin(GPIOB,GPIO_PIN_1,data1&(1<<1));
../Core/Src/main.c(69): warning:  #188-D: enumerated type mixed with another type
  	HAL_GPIO_WritePin(GPIOB,GPIO_PIN_3,data1&(1<<2));
../Core/Src/main.c(70): warning:  #188-D: enumerated type mixed with another type
  	HAL_GPIO_WritePin(GPIOB,GPIO_PIN_4,data1&(1<<3));
../Core/Src/main.c(71): warning:  #188-D: enumerated type mixed with another type
  	HAL_GPIO_WritePin(GPIOB,GPIO_PIN_5,data1&(1<<4));
../Core/Src/main.c(72): warning:  #188-D: enumerated type mixed with another type
  	HAL_GPIO_WritePin(GPIOB,GPIO_PIN_6,data1&(1<<5));
../Core/Src/main.c(73): warning:  #188-D: enumerated type mixed with another type
  	HAL_GPIO_WritePin(GPIOB,GPIO_PIN_7,data1&(1<<6));
../Core/Src/main.c(74): warning:  #188-D: enumerated type mixed with another type
  	HAL_GPIO_WritePin(GPIOB,GPIO_PIN_8,data1&(1<<7));
../Core/Src/main.c(76): warning:  #188-D: enumerated type mixed with another type
  	HAL_GPIO_WritePin(GPIOB,GPIO_PIN_15,0);
../Core/Src/main.c(82): warning:  #188-D: enumerated type mixed with another type
  	HAL_GPIO_WritePin(GPIOA,GPIO_PIN_15,0);
../Core/Src/main.c(83): warning:  #188-D: enumerated type mixed with another type
  	HAL_GPIO_WritePin(GPIOB,GPIO_PIN_15,1);
../Core/Src/main.c(85): warning:  #188-D: enumerated type mixed with another type
  	HAL_GPIO_WritePin(GPIOB,GPIO_PIN_0,data&(1<<0));
../Core/Src/main.c(86): warning:  #188-D: enumerated type mixed with another type
  	HAL_GPIO_WritePin(GPIOB,GPIO_PIN_1,data&(1<<1));
../Core/Src/main.c(87): warning:  #188-D: enumerated type mixed with another type
  	HAL_GPIO_WritePin(GPIOB,GPIO_PIN_3,data&(1<<2));
../Core/Src/main.c(88): warning:  #188-D: enumerated type mixed with another type
  	HAL_GPIO_WritePin(GPIOB,GPIO_PIN_4,data&(1<<3));
../Core/Src/main.c(89): warning:  #188-D: enumerated type mixed with another type
  	HAL_GPIO_WritePin(GPIOB,GPIO_PIN_5,data&(1<<4));
../Core/Src/main.c(90): warning:  #188-D: enumerated type mixed with another type
  	HAL_GPIO_WritePin(GPIOB,GPIO_PIN_6,data&(1<<5));
../Core/Src/main.c(91): warning:  #188-D: enumerated type mixed with another type
  	HAL_GPIO_WritePin(GPIOB,GPIO_PIN_7,data&(1<<6));
../Core/Src/main.c(92): warning:  #188-D: enumerated type mixed with another type
  	HAL_GPIO_WritePin(GPIOB,GPIO_PIN_8,data&(1<<7));
../Core/Src/main.c(94): warning:  #188-D: enumerated type mixed with another type
  	HAL_GPIO_WritePin(GPIOB,GPIO_PIN_15,0);
../Core/Src/main.c(121): warning:  #188-D: enumerated type mixed with another type
  	HAL_GPIO_WritePin(GPIOA,GPIO_PIN_0,data&(1<<0));
../Core/Src/main.c(122): warning:  #188-D: enumerated type mixed with another type
  	HAL_GPIO_WritePin(GPIOA,GPIO_PIN_1,data&(1<<1));
../Core/Src/main.c(123): warning:  #188-D: enumerated type mixed with another type
  	HAL_GPIO_WritePin(GPIOA,GPIO_PIN_2,data&(1<<2));
../Core/Src/main.c(124): warning:  #188-D: enumerated type mixed with another type
  	HAL_GPIO_WritePin(GPIOA,GPIO_PIN_3,data&(1<<3));
../Core/Src/main.c(125): warning:  #188-D: enumerated type mixed with another type
  	HAL_GPIO_WritePin(GPIOA,GPIO_PIN_4,data&(1<<4));
../Core/Src/main.c(126): warning:  #188-D: enumerated type mixed with another type
  	HAL_GPIO_WritePin(GPIOA,GPIO_PIN_5,data&(1<<5));
../Core/Src/main.c(127): warning:  #188-D: enumerated type mixed with another type
  	HAL_GPIO_WritePin(GPIOA,GPIO_PIN_6,data&(1<<6));
../Core/Src/main.c(143): warning:  #188-D: enumerated type mixed with another type
  				HAL_GPIO_WritePin(GPIOA,GPIO_PIN_7,1); hienthiled7_1(maled[chucd2]); HAL_Delay(10); HAL_GPIO_WritePin(GPIOA,GPIO_PIN_7,0);
../Core/Src/main.c(143): warning:  #188-D: enumerated type mixed with another type
  				HAL_GPIO_WritePin(GPIOA,GPIO_PIN_7,1); hienthiled7_1(maled[chucd2]); HAL_Delay(10); HAL_GPIO_WritePin(GPIOA,GPIO_PIN_7,0);
../Core/Src/main.c(144): warning:  #188-D: enumerated type mixed with another type
  				HAL_GPIO_WritePin(GPIOA,GPIO_PIN_8,1); hienthiled7_1(maled[dvid2]); HAL_Delay(10); HAL_GPIO_WritePin(GPIOA,GPIO_PIN_8,0);
../Core/Src/main.c(144): warning:  #188-D: enumerated type mixed with another type
  				HAL_GPIO_WritePin(GPIOA,GPIO_PIN_8,1); hienthiled7_1(maled[dvid2]); HAL_Delay(10); HAL_GPIO_WritePin(GPIOA,GPIO_PIN_8,0);
../Core/Src/main.c(145): warning:  #188-D: enumerated type mixed with another type
  				HAL_GPIO_WritePin(GPIOA,GPIO_PIN_11,1); hienthiled7_1(maled[chucx1]); HAL_Delay(10); HAL_GPIO_WritePin(GPIOA,GPIO_PIN_11,0);
../Core/Src/main.c(145): warning:  #188-D: enumerated type mixed with another type
  				HAL_GPIO_WritePin(GPIOA,GPIO_PIN_11,1); hienthiled7_1(maled[chucx1]); HAL_Delay(10); HAL_GPIO_WritePin(GPIOA,GPIO_PIN_11,0);
../Core/Src/main.c(146): warning:  #188-D: enumerated type mixed with another type
  				HAL_GPIO_WritePin(GPIOA,GPIO_PIN_12,1); hienthiled7_1(maled[dvix1]); HAL_Delay(10); HAL_GPIO_WritePin(GPIOA,GPIO_PIN_12,0);
../Core/Src/main.c(146): warning:  #188-D: enumerated type mixed with another type
  				HAL_GPIO_WritePin(GPIOA,GPIO_PIN_12,1); hienthiled7_1(maled[dvix1]); HAL_Delay(10); HAL_GPIO_WritePin(GPIOA,GPIO_PIN_12,0);
../Core/Src/main.c(162): warning:  #188-D: enumerated type mixed with another type
  				HAL_GPIO_WritePin(GPIOA,GPIO_PIN_7,1); hienthiled7_1(maled[chucd1]); HAL_Delay(10); HAL_GPIO_WritePin(GPIOA,GPIO_PIN_7,0);
../Core/Src/main.c(162): warning:  #188-D: enumerated type mixed with another type
  				HAL_GPIO_WritePin(GPIOA,GPIO_PIN_7,1); hienthiled7_1(maled[chucd1]); HAL_Delay(10); HAL_GPIO_WritePin(GPIOA,GPIO_PIN_7,0);
../Core/Src/main.c(163): warning:  #188-D: enumerated type mixed with another type
  				HAL_GPIO_WritePin(GPIOA,GPIO_PIN_8,1); hienthiled7_1(maled[dvid1]); HAL_Delay(10); HAL_GPIO_WritePin(GPIOA,GPIO_PIN_8,0);
../Core/Src/main.c(163): warning:  #188-D: enumerated type mixed with another type
  				HAL_GPIO_WritePin(GPIOA,GPIO_PIN_8,1); hienthiled7_1(maled[dvid1]); HAL_Delay(10); HAL_GPIO_WritePin(GPIOA,GPIO_PIN_8,0);
../Core/Src/main.c(164): warning:  #188-D: enumerated type mixed with another type
  				HAL_GPIO_WritePin(GPIOA,GPIO_PIN_11,1); hienthiled7_1(maled[chucx2]); HAL_Delay(10); HAL_GPIO_WritePin(GPIOA,GPIO_PIN_11,0);
../Core/Src/main.c(164): warning:  #188-D: enumerated type mixed with another type
  				HAL_GPIO_WritePin(GPIOA,GPIO_PIN_11,1); hienthiled7_1(maled[chucx2]); HAL_Delay(10); HAL_GPIO_WritePin(GPIOA,GPIO_PIN_11,0);
../Core/Src/main.c(165): warning:  #188-D: enumerated type mixed with another type
  				HAL_GPIO_WritePin(GPIOA,GPIO_PIN_12,1); hienthiled7_1(maled[dvix2]); HAL_Delay(10); HAL_GPIO_WritePin(GPIOA,GPIO_PIN_12,0);
../Core/Src/main.c(165): warning:  #188-D: enumerated type mixed with another type
  				HAL_GPIO_WritePin(GPIOA,GPIO_PIN_12,1); hienthiled7_1(maled[dvix2]); HAL_Delay(10); HAL_GPIO_WritePin(GPIOA,GPIO_PIN_12,0);
../Core/Src/main.c(191): warning:  #188-D: enumerated type mixed with another type
  			HAL_GPIO_WritePin(GPIOB,GPIO_PIN_9,0);
../Core/Src/main.c(192): warning:  #188-D: enumerated type mixed with another type
  			HAL_GPIO_WritePin(GPIOB,GPIO_PIN_10,0);
../Core/Src/main.c(193): warning:  #188-D: enumerated type mixed with another type
  			HAL_GPIO_WritePin(GPIOB,GPIO_PIN_11,1);
../Core/Src/main.c(196): warning:  #188-D: enumerated type mixed with another type
  				HAL_GPIO_WritePin(GPIOB,GPIO_PIN_12,1);
../Core/Src/main.c(197): warning:  #188-D: enumerated type mixed with another type
  				HAL_GPIO_WritePin(GPIOB,GPIO_PIN_13,0);
../Core/Src/main.c(198): warning:  #188-D: enumerated type mixed with another type
  				HAL_GPIO_WritePin(GPIOB,GPIO_PIN_14,0);
../Core/Src/main.c(205): warning:  #188-D: enumerated type mixed with another type
  				HAL_GPIO_WritePin(GPIOB,GPIO_PIN_12,0);
../Core/Src/main.c(206): warning:  #188-D: enumerated type mixed with another type
  				HAL_GPIO_WritePin(GPIOB,GPIO_PIN_13,1);
../Core/Src/main.c(207): warning:  #188-D: enumerated type mixed with another type
  				HAL_GPIO_WritePin(GPIOB,GPIO_PIN_14,0);
../Core/Src/main.c(217): warning:  #188-D: enumerated type mixed with another type
  			HAL_GPIO_WritePin(GPIOB,GPIO_PIN_12,0);
../Core/Src/main.c(218): warning:  #188-D: enumerated type mixed with another type
  			HAL_GPIO_WritePin(GPIOB,GPIO_PIN_13,0);
../Core/Src/main.c(219): warning:  #188-D: enumerated type mixed with another type
  			HAL_GPIO_WritePin(GPIOB,GPIO_PIN_14,1);
../Core/Src/main.c(222): warning:  #188-D: enumerated type mixed with another type
  				HAL_GPIO_WritePin(GPIOB,GPIO_PIN_9,1);
../Core/Src/main.c(223): warning:  #188-D: enumerated type mixed with another type
  				HAL_GPIO_WritePin(GPIOB,GPIO_PIN_10,0);
../Core/Src/main.c(224): warning:  #188-D: enumerated type mixed with another type
  				HAL_GPIO_WritePin(GPIOB,GPIO_PIN_11,0);
../Core/Src/main.c(231): warning:  #188-D: enumerated type mixed with another type
  				HAL_GPIO_WritePin(GPIOB,GPIO_PIN_9,0);
../Core/Src/main.c(232): warning:  #188-D: enumerated type mixed with another type
  				HAL_GPIO_WritePin(GPIOB,GPIO_PIN_10,1);
../Core/Src/main.c(233): warning:  #188-D: enumerated type mixed with another type
  				HAL_GPIO_WritePin(GPIOB,GPIO_PIN_11,0);
../Core/Src/main.c(170): warning:  #177-D: variable "i"  was declared but never referenced
  	  int i;
../Core/Src/main.c(171): warning:  #177-D: variable "lan1"  was declared but never referenced
  	  int lan1=0;
../Core/Src/main.c(172): warning:  #550-D: variable "vang2"  was set but never used
  		int do2,vang2,xanh2;
../Core/Src/main.c(243): warning:  #188-D: enumerated type mixed with another type
  			HAL_GPIO_WritePin(GPIOB,GPIO_PIN_9,0);
../Core/Src/main.c(244): warning:  #188-D: enumerated type mixed with another type
  			HAL_GPIO_WritePin(GPIOB,GPIO_PIN_11,0);
../Core/Src/main.c(245): warning:  #188-D: enumerated type mixed with another type
  			HAL_GPIO_WritePin(GPIOB,GPIO_PIN_12,0);
../Core/Src/main.c(246): warning:  #188-D: enumerated type mixed with another type
  			HAL_GPIO_WritePin(GPIOB,GPIO_PIN_14,0);
../Core/Src/main.c(247): warning:  #188-D: enumerated type mixed with another type
  			HAL_GPIO_WritePin(GPIOA,GPIO_PIN_7,0);
../Core/Src/main.c(248): warning:  #188-D: enumerated type mixed with another type
  			HAL_GPIO_WritePin(GPIOA,GPIO_PIN_8,0);
../Core/Src/main.c(249): warning:  #188-D: enumerated type mixed with another type
  			HAL_GPIO_WritePin(GPIOA,GPIO_PIN_11,0);
../Core/Src/main.c(250): warning:  #188-D: enumerated type mixed with another type
  			HAL_GPIO_WritePin(GPIOA,GPIO_PIN_12,0);
../Core/Src/main.c: 74 warnings, 0 errors
linking...
Program Size: Code=4176 RO-data=304 RW-data=44 ZI-data=1636  
FromELF: creating hex file...
"Code\Code.axf" - 0 Error(s), 74 Warning(s).

<h2>Software Packages used:</h2>

Package Vendor: ARM
                http://www.keil.com/pack/ARM.CMSIS.5.9.0.pack
                ARM::CMSIS@5.9.0
                CMSIS (Common Microcontroller Software Interface Standard)
   * Component: CORE Version: 5.6.0

Package Vendor: Keil
                https://www.keil.com/pack/Keil.STM32F1xx_DFP.2.4.1.pack
                Keil::STM32F1xx_DFP@2.4.1
                STMicroelectronics STM32F1 Series Device Support, Drivers and Examples

<h2>Collection of Component include folders:</h2>
  ./RTE/_Code
  C:/Users/Admin/AppData/Local/Arm/Packs/ARM/CMSIS/5.9.0/CMSIS/Core/Include
  C:/Users/Admin/AppData/Local/Arm/Packs/Keil/STM32F1xx_DFP/2.4.1/Device/Include

<h2>Collection of Component Files used:</h2>

   * Component: ARM::CMSIS:CORE@5.6.0
      Include file:  CMSIS/Core/Include/tz_context.h
Build Time Elapsed:  00:00:02
</pre>
</body>
</html>
